
> Configure project :app
WARNING: The option setting 'android.defaults.buildfeatures.buildconfig=true' is deprecated.
The current default is 'false'.
It will be removed in version 10.0 of the Android Gradle plugin.
To keep using this feature, add the following to your module-level build.gradle files:
    android.buildFeatures.buildConfig = true
or from Android Studio, click: `Refactor` > `Migrate BuildConfig to Gradle Build Files`.

> Task :clean UP-TO-DATE
> Task :app:clean
> Task :app:preBuild UP-TO-DATE
> Task :app:preDebugBuild UP-TO-DATE
> Task :app:mergeDebugNativeDebugMetadata NO-SOURCE
> Task :app:dataBindingMergeDependencyArtifactsDebug
> Task :app:generateDebugResValues
> Task :app:generateDebugResources
> Task :app:processDebugGoogleServices
> Task :app:mergeDebugResources
> Task :app:mergeDebugResources FAILED
> Task :app:packageDebugResources
.\gradlew : 
At line:1 char:53
+ ... d\AndroidStudioProjects\Taqmish" ; .\gradlew clean build 2>&1 | Tee-O ...
+                                        ~~~~~~~~~~~~~~~~~~~~~~~~~~
    + CategoryInfo          : NotSpecified: (:String) [], RemoteException
    + FullyQualifiedErrorId : NativeCommandError
 
FAILURE: Build failed with an exception.

* What went wrong:
Execution failed for task ':app:mergeDebugResources'.
> Multiple task action failures occurred:
   > A failure occurred while executing 
com.android.build.gradle.internal.res.ResourceCompilerRunnable
      > Resource compilation failed (C:\Users\widad\AndroidStudioProjects\Taqmi
sh\app\build\intermediates\incremental\debug\mergeDebugResources\merged.dir\val
ues\values.xml (The system cannot find the path specified). Cause: null). 
Check logs for more details.
   > A failure occurred while executing 
com.android.build.gradle.internal.res.ResourceCompilerRunnable
      > Resource compilation failed (C:\Users\widad\AndroidStudioProjects\Taqmi
sh\app\build\intermediates\incremental\debug\mergeDebugResources\merged.dir\val
ues-hi\values-hi.xml (The system cannot find the path specified). Cause: 
null). Check logs for more details.
   > A failure occurred while executing 
com.android.build.gradle.internal.res.ResourceCompilerRunnable
      > Resource compilation failed (C:\Users\widad\AndroidStudioProjects\Taqmi
sh\app\build\intermediates\incremental\debug\mergeDebugResources\merged.dir\val
ues-pt\values-pt.xml (The system cannot find the path specified). Cause: 
null). Check logs for more details.
   > A failure occurred while executing 
com.android.build.gradle.internal.res.ResourceCompilerRunnable
      > Resource compilation failed (C:\Users\widad\AndroidStudioProjects\Taqmi
sh\app\build\intermediates\incremental\debug\mergeDebugResources\merged.dir\val
ues-watch-v21\values-watch-v21.xml (The system cannot find the path 
specified). Cause: null). Check logs for more details.

* Try:
> Run with --stacktrace option to get the stack trace.
> Run with --info or --debug option to get more log output.
> Run with --scan to get full insights.
> Get more help at https://help.gradle.org.

BUILD FAILED in 2m 23s
8 actionable tasks: 7 executed, 1 up-to-date
